// Jest Snapshot v1, https://goo.gl/fbAQLP

exports[`AppContainer should match the snapshot 1`] = `
.c2 {
  padding: 3rem 1rem;
  overflow-x: hidden;
}

.c1 {
  background-color: #039be5;
  font-size: 1.2rem;
  font-weight: 600;
  line-height: 3.5rem;
  color: #FFFFFF;
  padding-left: 1rem;
  box-shadow: 0 4px 5px 0 rgba(0,0,0,0.14),0 1px 10px 0 rgba(0,0,0,0.12),0 2px 4px -1px rgba(0,0,0,0.20);
}

.c0 {
  background-color: #F5F5F6;
  min-height: 100vh;
  min-width: 20rem;
}

<div>
  <div
    class="c0"
  >
    <header
      class="c1"
    />
    <main
      class="c2"
    >
      TaskForm
      TaskList
    </main>
  </div>
</div>
`;
